\BOOKMARK [1][-]{section*.1}{\376\377\000A\000c\000k\000n\000o\000w\000l\000e\000d\000g\000e\000m\000e\000n\000t\000s}{}% 1
\BOOKMARK [1][-]{section*.2}{\376\377\000A\000b\000s\000t\000r\000a\000c\000t}{}% 2
\BOOKMARK [1][-]{section*.4}{\376\377\000G\000l\000o\000s\000s\000a\000r\000y\000\040\000o\000f\000\040\000T\000e\000r\000m\000s}{}% 3
\BOOKMARK [1][-]{section.1}{\376\377\000I\000n\000t\000r\000o\000d\000u\000c\000t\000i\000o\000n}{}% 4
\BOOKMARK [1][-]{section.2}{\376\377\000L\000i\000t\000e\000r\000a\000t\000u\000r\000e\000\040\000R\000e\000v\000i\000e\000w}{}% 5
\BOOKMARK [2][-]{subsection.2.1}{\376\377\000M\000a\000g\000n\000e\000t\000o\000m\000e\000t\000e\000r\000\040\000T\000e\000c\000h\000n\000o\000l\000o\000g\000i\000e\000s\000\040\000f\000o\000r\000\040\000C\000u\000b\000e\000S\000a\000t\000\040\000A\000D\000C\000S}{section.2}% 6
\BOOKMARK [2][-]{subsection.2.2}{\376\377\000R\000a\000d\000i\000a\000t\000i\000o\000n\000\040\000T\000o\000l\000e\000r\000a\000n\000c\000e\000\040\000o\000f\000\040\000T\000M\000R\000\040\000S\000e\000n\000s\000o\000r\000s}{section.2}% 7
\BOOKMARK [2][-]{subsection.2.3}{\376\377\000R\000e\000s\000e\000a\000r\000c\000h\000\040\000G\000a\000p}{section.2}% 8
\BOOKMARK [1][-]{section.3}{\376\377\000R\000e\000s\000e\000a\000r\000c\000h\000\040\000Q\000u\000e\000s\000t\000i\000o\000n\000,\000\040\000A\000i\000m\000s\000,\000\040\000a\000n\000d\000\040\000O\000b\000j\000e\000c\000t\000i\000v\000e\000s}{}% 9
\BOOKMARK [1][-]{section.4}{\376\377\000T\000h\000e\000\040\000C\000T\0001\0000\0000\000\040\000S\000e\000n\000s\000o\000r}{}% 10
\BOOKMARK [2][-]{subsection.4.1}{\376\377\000D\000e\000v\000i\000c\000e\000\040\000O\000v\000e\000r\000v\000i\000e\000w}{section.4}% 11
\BOOKMARK [2][-]{subsection.4.2}{\376\377\000P\000h\000y\000s\000i\000c\000a\000l\000\040\000O\000p\000e\000r\000a\000t\000i\000n\000g\000\040\000P\000r\000i\000n\000c\000i\000p\000l\000e}{section.4}% 12
\BOOKMARK [2][-]{subsection.4.3}{\376\377\000B\000r\000i\000d\000g\000e\000\040\000T\000o\000p\000o\000l\000o\000g\000y\000,\000\040\000O\000u\000t\000p\000u\000t\000\040\000C\000o\000n\000v\000e\000n\000t\000i\000o\000n\000,\000\040\000a\000n\000d\000\040\000S\000a\000t\000u\000r\000a\000t\000i\000o\000n\000\040\000C\000e\000i\000l\000i\000n\000g}{section.4}% 13
\BOOKMARK [1][-]{section.5}{\376\377\000A\000v\000a\000i\000l\000a\000b\000l\000e\000\040\000I\000n\000s\000t\000r\000u\000m\000e\000n\000t\000a\000t\000i\000o\000n}{}% 14
\BOOKMARK [1][-]{section.6}{\376\377\000S\000t\000a\000n\000d\000a\000l\000o\000n\000e\000\040\000S\000e\000n\000s\000o\000r\000\040\000B\000o\000a\000r\000d}{}% 15
\BOOKMARK [2][-]{subsection.6.1}{\376\377\000P\000C\000B\000\040\000D\000e\000s\000i\000g\000n}{section.6}% 16
\BOOKMARK [2][-]{subsection.6.2}{\376\377\000S\000a\000t\000u\000r\000a\000t\000i\000o\000n\000\040\000T\000e\000s\000t\000i\000n\000g\000\040\000M\000e\000t\000h\000o\000d\000o\000l\000o\000g\000y}{section.6}% 17
\BOOKMARK [2][-]{subsection.6.3}{\376\377\000S\000e\000n\000s\000o\000r\000-\000O\000n\000l\000y\000\040\000S\000a\000t\000u\000r\000a\000t\000i\000o\000n\000\040\000a\000n\000d\000\040\000R\000e\000c\000o\000v\000e\000r\000y\000\040\000B\000e\000h\000a\000v\000i\000o\000u\000r}{section.6}% 18
\BOOKMARK [1][-]{section.7}{\376\377\000I\000n\000t\000e\000g\000r\000a\000t\000e\000d\000\040\000B\000o\000a\000r\000d\000:\000\040\000F\000i\000e\000l\000d\000\040\000E\000x\000c\000i\000t\000a\000t\000i\000o\000n\000\040\000a\000n\000d\000\040\000D\000e\000s\000i\000g\000n}{}% 19
\BOOKMARK [2][-]{subsection.7.1}{\376\377\000I\000n\000t\000e\000g\000r\000a\000t\000e\000d\000\040\000B\000o\000a\000r\000d\000\040\000D\000e\000s\000i\000g\000n}{section.7}% 20
\BOOKMARK [2][-]{subsection.7.2}{\376\377\000A\000n\000a\000l\000y\000t\000i\000c\000a\000l\000\040\000F\000i\000e\000l\000d\000\040\000M\000o\000d\000e\000l}{section.7}% 21
\BOOKMARK [2][-]{subsection.7.3}{\376\377\000S\000i\000m\000u\000l\000a\000t\000e\000d\000\040\000v\000s\000.\000\040\000E\000x\000p\000e\000r\000i\000m\000e\000n\000t\000a\000l\000\040\000F\000i\000e\000l\000d\000\040\000V\000a\000l\000i\000d\000a\000t\000i\000o\000n}{section.7}% 22
\BOOKMARK [2][-]{subsection.7.4}{\376\377\000P\000C\000B\000\040\000S\000u\000b\000s\000t\000r\000a\000t\000e\000\040\000a\000n\000d\000\040\000T\000r\000a\000c\000e\000\040\000D\000e\000s\000i\000g\000n}{section.7}% 23
\BOOKMARK [2][-]{subsection.7.5}{\376\377\000C\000u\000r\000r\000e\000n\000t\000\040\000S\000e\000n\000s\000i\000n\000g\000\040\000a\000n\000d\000\040\000F\000i\000e\000l\000d\000\040\000B\000a\000c\000k\000-\000C\000a\000l\000c\000u\000l\000a\000t\000i\000o\000n}{section.7}% 24
\BOOKMARK [2][-]{subsection.7.6}{\376\377\000F\000i\000r\000m\000w\000a\000r\000e}{section.7}% 25
\BOOKMARK [2][-]{subsection.7.7}{\376\377\000D\000e\000s\000i\000g\000n\000\040\000N\000o\000t\000e\000\040\000f\000o\000r\000\040\000F\000u\000t\000u\000r\000e\000\040\000P\000C\000B\000\040\000R\000e\000v\000i\000s\000i\000o\000n\000s}{section.7}% 26
\BOOKMARK [1][-]{section.8}{\376\377\000I\000n\000s\000t\000r\000u\000m\000e\000n\000t\000a\000t\000i\000o\000n\000\040\000C\000r\000o\000s\000s\000-\000V\000a\000l\000i\000d\000a\000t\000i\000o\000n}{}% 27
\BOOKMARK [1][-]{section.9}{\376\377\000N\000o\000n\000-\000I\000r\000r\000a\000d\000i\000a\000t\000e\000d\000\040\000S\000e\000n\000s\000i\000t\000i\000v\000i\000t\000y\000\040\000a\000n\000d\000\040\000S\000a\000t\000u\000r\000a\000t\000i\000o\000n\000\040\000C\000h\000a\000r\000a\000c\000t\000e\000r\000i\000s\000a\000t\000i\000o\000n}{}% 28
\BOOKMARK [2][-]{subsection.9.1}{\376\377\000D\000a\000t\000a\000\040\000C\000o\000l\000l\000e\000c\000t\000i\000o\000n\000\040\000M\000e\000t\000h\000o\000d}{section.9}% 29
\BOOKMARK [2][-]{subsection.9.2}{\376\377\000C\000u\000r\000r\000e\000n\000t\000\040\000S\000w\000e\000e\000p\000:\000\040\000D\000a\000t\000a\000\040\000a\000n\000d\000\040\000S\000e\000n\000s\000i\000t\000i\000v\000i\000t\000y\000\040\000F\000i\000t}{section.9}% 30
\BOOKMARK [2][-]{subsection.9.3}{\376\377\000F\000i\000e\000l\000d\000-\000M\000o\000d\000e\000l\000\040\000v\000s\000.\000\040\000M\000e\000a\000s\000u\000r\000e\000m\000e\000n\000t\000\040\000D\000i\000s\000c\000r\000e\000p\000a\000n\000c\000y}{section.9}% 31
\BOOKMARK [2][-]{subsection.9.4}{\376\377\000S\000a\000t\000u\000r\000a\000t\000i\000o\000n\000\040\000R\000e\000c\000o\000v\000e\000r\000y\000\040\000o\000n\000\040\000t\000h\000e\000\040\000I\000n\000t\000e\000g\000r\000a\000t\000e\000d\000\040\000B\000o\000a\000r\000d}{section.9}% 32
\BOOKMARK [1][-]{section.10}{\376\377\000R\000a\000d\000i\000a\000t\000i\000o\000n\000\040\000T\000e\000s\000t\000i\000n\000g\000\040\000\050\000T\000o\000t\000a\000l\000\040\000I\000o\000n\000i\000s\000i\000n\000g\000\040\000D\000o\000s\000e\000\051}{}% 33
\BOOKMARK [2][-]{subsection.10.1}{\376\377\000R\000a\000t\000i\000o\000n\000a\000l\000e\000\040\000a\000n\000d\000\040\000T\000e\000s\000t\000\040\000I\000s\000o\000l\000a\000t\000i\000o\000n\000\040\000S\000t\000r\000a\000t\000e\000g\000y}{section.10}% 34
\BOOKMARK [2][-]{subsection.10.2}{\376\377\000E\000x\000p\000e\000r\000i\000m\000e\000n\000t\000a\000l\000\040\000S\000e\000t\000u\000p}{section.10}% 35
\BOOKMARK [2][-]{subsection.10.3}{\376\377\000S\000e\000n\000s\000o\000r\000-\000O\000n\000l\000y\000\040\000B\000o\000a\000r\000d\000\040\000R\000e\000s\000p\000o\000n\000s\000e\000\040\000P\000o\000s\000t\000-\000I\000r\000r\000a\000d\000i\000a\000t\000i\000o\000n}{section.10}% 36
\BOOKMARK [2][-]{subsection.10.4}{\376\377\000Q\000u\000a\000n\000t\000i\000t\000a\000t\000i\000v\000e\000\040\000S\000w\000e\000e\000p\000\040\000o\000n\000\040\000t\000h\000e\000\040\000I\000n\000t\000e\000g\000r\000a\000t\000e\000d\000\040\000B\000o\000a\000r\000d}{section.10}% 37
\BOOKMARK [1][-]{section.11}{\376\377\000M\000a\000g\000n\000e\000t\000i\000c\000\040\000S\000h\000i\000e\000l\000d\000i\000n\000g}{}% 38
\BOOKMARK [2][-]{subsection.11.1}{\376\377\000E\000n\000c\000l\000o\000s\000u\000r\000e\000\040\000D\000e\000s\000i\000g\000n}{section.11}% 39
\BOOKMARK [2][-]{subsection.11.2}{\376\377\000S\000h\000i\000e\000l\000d\000e\000d\000\040\000S\000w\000e\000e\000p\000\040\000R\000e\000s\000u\000l\000t\000s}{section.11}% 40
\BOOKMARK [2][-]{subsection.11.3}{\376\377\000C\000o\000m\000b\000i\000n\000e\000d\000\040\000R\000a\000d\000i\000a\000t\000i\000o\000n\000\040\000a\000n\000d\000\040\000S\000h\000i\000e\000l\000d\000i\000n\000g\000\040\000R\000e\000s\000u\000l\000t\000s}{section.11}% 41
\BOOKMARK [1][-]{section.12}{\376\377\000D\000i\000s\000c\000u\000s\000s\000i\000o\000n}{}% 42
\BOOKMARK [1][-]{section.13}{\376\377\000C\000o\000n\000c\000l\000u\000s\000i\000o\000n\000s\000\040\000a\000n\000d\000\040\000F\000u\000t\000u\000r\000e\000\040\000W\000o\000r\000k}{}% 43
\BOOKMARK [1][-]{section*.19}{\376\377\000R\000e\000f\000e\000r\000e\000n\000c\000e\000s}{}% 44
