Add Component: Footprint Not Found 0805 CAP
Add Component: Footprint Not Found 0805 CAP
Add Component: Footprint Not Found 0805 CAP
Add Component: Footprint Not Found 0805 CAP
Add Component: Footprint Not Found 0805 CAP
Add Component: Footprint Not Found 0805 CAP
Add Component: Footprint Not Found 0805 LED
Add Component: Footprint Not Found FP-M20-9990245-MFG
Add Component: Footprint Not Found FP-M20-9990245-MFG
Add Component: Footprint Not Found FP-M20-9990245-MFG
Add Component: Footprint Not Found FP-M20-9990245-MFG
Add Component: Footprint Not Found FP-M20-9990245-MFG
Add Component: Footprint Not Found FP-M20-9990245-MFG
Add Component: Footprint Not Found FP-M20-9990245-MFG
Add Component: Footprint Not Found FP-M20-9990245-MFG
Add Component: Footprint Not Found FP-M20-9990245-MFG
Add Component: Footprint Not Found FP-M20-9990245-MFG
Add Component: Footprint Not Found 0805 RES
Add Component: Footprint Not Found 0805 RES
Add Component: Footprint Not Found TP_TH
Add Component: Footprint Not Found TP_TH
Add Component: Footprint Not Found TP_TH
Add Component: Footprint Not Found TP_TH
Add Component: Footprint Not Found SOT23_527AH_ONS
Add Component: Footprint Not Found SOP100P1030X260-13N
Added Net: Name=3V3
Added Net: Name=5V
Added Net: Name=CSN
Added Net: Name=DIR
Added Net: Name=DIS
Added Net: Name=GND
Added Net: Name=NetD4_1
Added Net: Name=NetR7_1
Added Net: Name=PELTIER1
Added Net: Name=PELTIER2
Added Net: Name=PWM
Added Net: Name=SPI1_MISO
Added Net: Name=SPI1_MOSI
Added Net: Name=SPI1_SCK
Added Net: Name=V_IN
Add Class Member: Failed to add class member : Component C11 *
Add Class Member: Failed to add class member : Component C12 *
Add Class Member: Failed to add class member : Component C13 *
Add Class Member: Failed to add class member : Component C14 *
Add Class Member: Failed to add class member : Component C15 *
Add Class Member: Failed to add class member : Component C16 *
Add Class Member: Failed to add class member : Component D4 LTST-C170KGKT
Add Class Member: Failed to add class member : Component J4 M20-9990245
Add Class Member: Failed to add class member : Component J5 M20-9990245
Add Class Member: Failed to add class member : Component J6 M20-9990245
Add Class Member: Failed to add class member : Component J7 M20-9990245
Add Class Member: Failed to add class member : Component J8 M20-9990245
Add Class Member: Failed to add class member : Component J9 M20-9990245
Add Class Member: Failed to add class member : Component J10 M20-9990245
Add Class Member: Failed to add class member : Component J11 M20-9990245
Add Class Member: Failed to add class member : Component J12 M20-9990245
Add Class Member: Failed to add class member : Component J13 M20-9990245
Add Class Member: Failed to add class member : Component R6 *
Add Class Member: Failed to add class member : Component R7 *
Add Class Member: Failed to add class member : Component TP3 5003
Add Class Member: Failed to add class member : Component TP4 5003
Add Class Member: Failed to add class member : Component TP5 5003
Add Class Member: Failed to add class member : Component TP6 5003
Add Class Member: Failed to add class member : Component U4 NCP161ASN330T1G
Add Class Member: Failed to add class member : Component U5 IFX9201SG
